// Jest Snapshot v1, https://goo.gl/fbAQLP

exports[`macros correct usage: correct usage 1`] = `
"
import lqip from '../macro';

const preview = lqip('./fixtures/jonathan-daniels-416786-unsplash.jpg');

      ↓ ↓ ↓ ↓ ↓ ↓

const preview =
  \\"data:image/jpeg;base64,/9j/2wBDAAYEBQYFBAYGBQYHBwYIChAKCgkJChQODwwQFxQYGBcUFhYaHSUfGhsjHBYWICwgIyYnKSopGR8tMC0oMCUoKSj/2wBDAQcHBwoIChMKChMoGhYaKCgoKCgoKCgoKCgoKCgoKCgoKCgoKCgoKCgoKCgoKCgoKCgoKCgoKCgoKCgoKCgoKCj/wAARCAAJAA4DASIAAhEBAxEB/8QAFgABAQEAAAAAAAAAAAAAAAAAAwYH/8QAKBAAAQMDAgMJAAAAAAAAAAAAAQIDBAAFBhESBzGxITQ2QUJRcnOB/8QAFQEBAQAAAAAAAAAAAAAAAAAAAQL/xAAYEQADAQEAAAAAAAAAAAAAAAAAAQIRIf/aAAwDAQACEQMRAD8AgeGcWw3B59jKDJXu0bjMtqKE7iFHcpQ1I00AHYefKhzrDLljhbkJadds0pZMR8kDePZQ9KgPL9FPN71H+Q6itavvg23/AGjoul8ohSnOH//Z\\";

"
`;

exports[`macros no usage: no usage 1`] = `
"
import lqip from '../macro'

      ↓ ↓ ↓ ↓ ↓ ↓


"
`;
